# Licensed to the Apache Software Foundation (ASF) under one or more
# contributor license agreements.  See the NOTICE file distributed with
# this work for additional information regarding copyright ownership.
# The ASF licenses this file to You under the Apache License, Version 2.0
# (the "License"); you may not use this file except in compliance with
# the License.  You may obtain a copy of the License at
#
#     http://www.apache.org/licenses/LICENSE-2.0
#
# Unless required by applicable law or agreed to in writing, software
# distributed under the License is distributed on an "AS IS" BASIS,
# WITHOUT WARRANTIES OR CONDITIONS OF ANY KIND, either express or implied.
# See the License for the specific language governing permissions and
# limitations under the License.

- BROWSER
- RABBITMQ
- MESH
- GENERAL
- FAAS
- MESH_CP
- AWS_GATEWAY
- NGINX
- SO11Y_SATELLITE
- K8S_SERVICE
- VIRTUAL_GATEWAY
- AWS_EKS
- MQ
- MYSQL
- VIRTUAL_DATABASE
- K8S
- VIRTUAL_MQ
- PULSAR
- MONGODB
- CACHE
- OS_WINDOWS
- MESH_DP
- SO11Y_OAP
- DATABASE
- OS_LINUX
- REDIS
- KAFKA
- ELASTICSEARCH
- ROCKETMQ
- APISIX
- VIRTUAL_CACHE
- POSTGRESQL
- AWS_S3
- BOOKKEEPER
- AWS_DYNAMODB