# Licensed to the Apache Software Foundation (ASF) under one or more
# contributor license agreements.  See the NOTICE file distributed with
# this work for additional information regarding copyright ownership.
# The ASF licenses this file to You under the Apache License, Version 2.0
# (the "License"); you may not use this file except in compliance with
# the License.  You may obtain a copy of the License at
#
#     http://www.apache.org/licenses/LICENSE-2.0
#
# Unless required by applicable law or agreed to in writing, software
# distributed under the License is distributed on an "AS IS" BASIS,
# WITHOUT WARRANTIES OR CONDITIONS OF ANY KIND, either express or implied.
# See the License for the specific language governing permissions and
# limitations under the License.

metrics:
  {{- contains .metrics }}
- {{- contains . }}
  - name: consumer
    id: "{{ .id }}"
    value: '{{ gt .value "0" }}'
    refid: ~
  - name: provider
    id: "{{ .id }}"
    value: '{{ gt .value "0" }}'
    refid: ~
  {{- end }}
  {{- end }}

responselatency:
  {{- range $k1, $v1 := .responselatency }}
  {{ $k1 }}:
    {{- range $k, $v := $v1 }}
    {{ $k }}: {{ $v }}
    {{- end }}
  {{- end }}

heatmap:
  values:
    {{- contains .heatmap.values }}
    - id: {{ notEmpty .id }}
      values:
        {{- contains .values }}
        - {{ gt . 0 }}
        {{- end }}
    {{- end }}
  buckets:
    {{- range .heatmap.buckets }}
    - {{- range $k, $v := . }}
      "{{ $k }}": "{{ $v }}"
      {{- end }}
    {{- end }}
